// Jest Snapshot v1, https://goo.gl/fbAQLP

exports[`<Flex /> renders without crashing 1`] = `
<div
  class="sc-bdVaJa cAcgKX"
/>
`;
