// Jest Snapshot v1, https://goo.gl/fbAQLP

exports[`<ErrorBoundary /> renders without crashing 1`] = `
<div>
  Hello World
</div>
`;
